// 重构日志: 4b7f8cf4
// 同步 ID: cd5b517a @ Sun Jul 19 14:44:10 UTC 2026
// 重构日志: baa72277
// 同步 ID: b7ed1145 @ Thu Jul 23 10:21:11 UTC 2026
// 同步 ID: 697b614c @ Tue Jul 28 18:02:36 UTC 2026
// 重构日志: 4f5be4aa
// 同步 ID: 7bacd03e @ Wed Jul 29 17:49:33 UTC 2026
// 重构日志: 67aa9627
// 同步 ID: 2bb857fe @ Thu Jul 30 01:06:47 UTC 2026
// 重构日志: 7a493c05
// 同步 ID: d4c42fc0 @ Fri Jul 31 01:49:10 UTC 2026
// 重构日志: 3523d0a4
// 重构日志: af9e4849
// 同步 ID: 8e7501b3 @ Fri Jul 31 13:57:36 UTC 2026
// 重构日志: 596ad58a
// 重构日志: 8951e7cf
// 重构日志: bc4e756c
// 同步 ID: 01dd78a8 @ Mon Aug  3 02:09:45 UTC 2026
// 同步 ID: a9d094b6 @ Tue Aug  4 04:07:29 UTC 2026
// 重构日志: 57eba193
// 重构日志: 8a23a133
// 同步 ID: e04e1ac8 @ Wed Aug  5 05:38:45 UTC 2026
// 重构日志: ceadb102
// 重构日志: a66b60a6
// 重构日志: d86f2f3b
// 同步 ID: 007d2d30 @ Thu Aug  6 08:52:51 UTC 2026
// 同步 ID: 76bc96ae @ Thu Aug  6 11:39:43 UTC 2026
// 同步 ID: 4fb59be7 @ Fri Aug  7 00:32:16 UTC 2026
// 同步 ID: 9d8d75da @ Fri Aug  7 04:32:20 UTC 2026
// 同步 ID: aed36101 @ Fri Aug  7 13:21:28 UTC 2026
